
> eas-term@0.4.90 build
> node scripts/build-browser-routes.mjs && node scripts/build-computer-helper.mjs && electron-vite build

Generated docs/browser/index.html + routes.json
[computer-helper] ✓ /Users/biily/Biily/Projects/vibe coding/terminal/.worktrees/voice-regression/resources/plugins/computer/bin/eas-windows（281KB）Architectures in the fat file: /Users/biily/Biily/Projects/vibe coding/terminal/.worktrees/voice-regression/resources/plugins/computer/bin/eas-windows are: x86_64 arm64
vite v6.4.3 building SSR bundle for production...
transforming...
✓ 242 modules transformed.
rendering chunks...
[plugin vite:reporter] 
(!) /Users/biily/Biily/Projects/vibe coding/terminal/.worktrees/voice-regression/src/main/phone/pairing.ts is dynamically imported by /Users/biily/Biily/Projects/vibe coding/terminal/.worktrees/voice-regression/src/main/phone/server.ts but also statically imported by /Users/biily/Biily/Projects/vibe coding/terminal/.worktrees/voice-regression/src/main/phone/index.ts, /Users/biily/Biily/Projects/vibe coding/terminal/.worktrees/voice-regression/src/main/phone/server.ts, /Users/biily/Biily/Projects/vibe coding/terminal/.worktrees/voice-regression/src/main/phone/store.ts, dynamic import will not move module into another chunk.

out/main/symbolProvider-BiHNXmL9.js      0.43 kB
out/main/tsProvider-Dy3mgxD0.js          4.97 kB
out/main/tsSymbols-DfoclHJx.js           5.68 kB
out/main/lspProvider-fHf1xYeu.js         8.59 kB
out/main/index.js                      663.36 kB
out/main/tsAst-CIp__rW4.js           7,627.78 kB
✓ built in 5.95s
vite v6.4.3 building SSR bundle for production...
transforming...
✓ 3 modules transformed.
rendering chunks...
out/preload/island.js   1.34 kB
out/preload/index.js   32.20 kB
✓ built in 41ms
vite v6.4.3 building for production...
transforming...
✓ 671 modules transformed.
rendering chunks...
[plugin vite:reporter] 
(!) /Users/biily/Biily/Projects/vibe coding/terminal/.worktrees/voice-regression/src/renderer/src/features/codegraph/CodeGraphView.tsx is dynamically imported by /Users/biily/Biily/Projects/vibe coding/terminal/.worktrees/voice-regression/src/renderer/src/features/workspace/PaneView.tsx but also statically imported by /Users/biily/Biily/Projects/vibe coding/terminal/.worktrees/voice-regression/src/renderer/src/features/canvas/components/registry.tsx, dynamic import will not move module into another chunk.

../../out/renderer/island.html                               0.70 kB
../../out/renderer/index.html                                0.72 kB
../../out/renderer/assets/icon-C1BBXoGp.png                 40.83 kB
../../out/renderer/assets/WikiView-BAksd7Ml.css             10.19 kB
../../out/renderer/assets/DictView-C-nlTaDN.css             17.24 kB
../../out/renderer/assets/island-De7vXV_u.css               22.82 kB
../../out/renderer/assets/index-BJT4MXd2.css               657.25 kB
../../out/renderer/assets/diff-B_Bi2Crb.js                   0.56 kB
../../out/renderer/assets/brainfuck-DZVCuF_t.js              1.19 kB
../../out/renderer/assets/protobuf-BxgpyhoW.js               1.45 kB
../../out/renderer/assets/properties-BR-vP1aU.js             1.48 kB
../../out/renderer/assets/asciiarmor-DucZyvP0.js             1.53 kB
../../out/renderer/assets/cmake-BGaNd9E7.js                  1.60 kB
../../out/renderer/assets/troff-E1bJ0PPL.js                  1.68 kB
../../out/renderer/assets/http-BqypyemW.js                   1.77 kB
../../out/renderer/assets/solr-CwD7U71z.js                   1.80 kB
../../out/renderer/assets/toml-BOuWGMcf.js                   2.10 kB
../../out/renderer/assets/spreadsheet-Bgtt3oLP.js            2.21 kB
../../out/renderer/assets/transcribe-D_48OyGs.js             2.26 kB
../../out/renderer/assets/factor-CMxFHDqz.js                 2.61 kB
../../out/renderer/assets/rpm-C-DLY-If.js                    2.85 kB
../../out/renderer/assets/mbox-Ga7d4MMN.js                   2.88 kB
../../out/renderer/assets/eiffel-Dze7nlu3.js                 2.93 kB
../../out/renderer/assets/z80-BZV19vqv.js                    3.04 kB
../../out/renderer/assets/sieve-CjwBwOY5.js                  3.09 kB
../../out/renderer/assets/index-CliWo6dE.js                  3.34 kB
../../out/renderer/assets/mumps-Btr8VblO.js                  3.35 kB
../../out/renderer/assets/mathematica-DNLOL9PQ.js            3.44 kB
../../out/renderer/assets/index-OeSQv0v9.js                  3.48 kB
../../out/renderer/assets/pascal-GD8iposT.js                 3.50 kB
../../out/renderer/assets/apl-fqmucPXA.js                    3.57 kB
../../out/renderer/assets/fcl-CDDUNjTj.js                    3.75 kB
../../out/renderer/assets/smalltalk-BOIGQuhN.js              3.81 kB
../../out/renderer/assets/dtd-Dy74G54E.js                    3.81 kB
../../out/renderer/assets/turtle-Dq7-1WAf.js                 3.82 kB
../../out/renderer/assets/dockerfile-Bvk733Ga.js             3.83 kB
../../out/renderer/assets/tcl-CUcaCdmq.js                    3.84 kB
../../out/renderer/assets/forth-B9D2JCeE.js                  3.86 kB
../../out/renderer/assets/octave-DYBj3-tl.js                 3.86 kB
../../out/renderer/assets/yacas-b5lAVEIl.js                  3.87 kB
../../out/renderer/assets/pig-C_4T4YIV.js                    3.91 kB
../../out/renderer/assets/ebnf-4fKAGW3a.js                   4.02 kB
../../out/renderer/assets/elm-DG7jkhNZ.js                    4.03 kB
../../out/renderer/assets/commonlisp-CF_VNHQR.js             4.05 kB
../../out/renderer/assets/puppet-Bdao66PW.js                 4.09 kB
../../out/renderer/assets/simple-mode-DMneyfDu.js            4.35 kB
../../out/renderer/assets/shell-BlsXDxCn.js                  4.63 kB
../../out/renderer/assets/index-CMJSl1Nf.js                  4.73 kB
../../out/renderer/assets/velocity-BwIZK1TH.js               4.75 kB
../../out/renderer/assets/ntriples-CvgOYMpL.js               4.75 kB
../../out/renderer/assets/webidl-BTLTThCm.js                 4.77 kB
../../out/renderer/assets/modelica-0d55jYY0.js               4.78 kB
../../out/renderer/assets/lua-Cvg8VrAA.js                    5.23 kB
../../out/renderer/assets/oz-R_e8WMIi.js                     5.33 kB
../../out/renderer/assets/mscgen-DdqZYINH.js                 5.43 kB
../../out/renderer/assets/cypher-Dlu_3r4V.js                 5.51 kB
../../out/renderer/assets/tiddlywiki-CjprD-Qp.js             5.63 kB
../../out/renderer/assets/r-V7nswm59.js                      5.64 kB
../../out/renderer/assets/vhdl-DCkMIyT9.js                   5.73 kB
../../out/renderer/assets/sparql-DYskk2vE.js                 5.95 kB
../../out/renderer/assets/ttcn-cfg-Dc39-fIP.js               6.02 kB
../../out/renderer/assets/q-CrbCVq4a.js                      6.29 kB
../../out/renderer/assets/stex-B6LNC55o.js                   6.33 kB
../../out/renderer/assets/livescript-DmzgM3Yt.js             6.47 kB
../../out/renderer/assets/d-UURgV0Ux.js                      6.50 kB
../../out/renderer/assets/asn1-BnOEsgAm.js                   6.54 kB
../../out/renderer/assets/asterisk-QAlztEwS.js               6.67 kB
../../out/renderer/assets/fortran-CAG2BFbe.js                6.68 kB
../../out/renderer/assets/swift-FRZi1uvB.js                  6.77 kB
../../out/renderer/assets/vb-Dp90gtsv.js                     7.10 kB
../../out/renderer/assets/tiki-DK9DOeWn.js                   7.12 kB
../../out/renderer/assets/index-u5wljoFG.js                  7.26 kB
../../out/renderer/assets/mirc-Dma3B8rS.js                   7.29 kB
../../out/renderer/assets/groovy-CpwJiBl7.js                 7.47 kB
../../out/renderer/assets/nsis-3zG7tgur.js                   7.60 kB
../../out/renderer/assets/haskell-ySd-OUo8.js                7.63 kB
../../out/renderer/assets/ecl-B59qGGVg.js                    7.79 kB
../../out/renderer/assets/gas-d3KEcW3x.js                    7.82 kB
../../out/renderer/assets/coffeescript-D2dXvhEc.js           7.89 kB
../../out/renderer/assets/ttcn-tKd4HLu4.js                   7.90 kB
../../out/renderer/assets/cobol-4yqQntpt.js                  8.05 kB
../../out/renderer/assets/mllike-DHn7xckP.js                 8.18 kB
../../out/renderer/assets/dylan-TSb-Nfix.js                  8.43 kB
../../out/renderer/assets/nginx-DTDtBDVN.js                  9.30 kB
../../out/renderer/assets/ruby-JDKLJNK0.js                   9.52 kB
../../out/renderer/assets/julia-Bs6JJhYG.js                  9.65 kB
../../out/renderer/assets/crystal-DyuLTqLs.js               10.53 kB
../../out/renderer/assets/scheme-BKzrkGJD.js                10.56 kB
../../out/renderer/assets/vbscript-CI6_mxxU.js              11.32 kB
../../out/renderer/assets/powershell-B0suO7Vd.js            11.42 kB
../../out/renderer/assets/pug-CTXt1f8z.js                   11.71 kB
../../out/renderer/assets/gherkin-DhZlEZiy.js               11.79 kB
../../out/renderer/assets/sas-D2UG-yhZ.js                   12.00 kB
../../out/renderer/assets/textile-BnFpjsrl.js               12.18 kB
../../out/renderer/assets/xquery-BrBUuxMR.js                12.19 kB
../../out/renderer/assets/python-CvWbmiX4.js                12.82 kB
../../out/renderer/assets/clojure-BhXMqnxz.js               14.87 kB
../../out/renderer/assets/idl-4HIGJlDI.js                   15.13 kB
../../out/renderer/assets/erlang-BO6gOnGA.js                15.21 kB
../../out/renderer/assets/haxe-7MlzfeYV.js                  15.67 kB
../../out/renderer/assets/verilog-DDCYnHN8.js               16.12 kB
../../out/renderer/assets/WikiView-bTLr_lMr.js              16.94 kB
../../out/renderer/assets/index-C4j04cc5.js                 18.28 kB
../../out/renderer/assets/island-C9lMkl4K.js                18.92 kB
../../out/renderer/assets/index-6mbk8FEd.js                 19.91 kB
../../out/renderer/assets/index-C2450NOX.js                 22.10 kB
../../out/renderer/assets/index-CY56bf-O.js                 26.00 kB
../../out/renderer/assets/index-BbxTweC0.js                 26.89 kB
../../out/renderer/assets/perl-DL9mHpoi.js                  28.65 kB
../../out/renderer/assets/index-BXO9HJR6.js                 28.96 kB
../../out/renderer/assets/index-x23ZfshK.js                 34.72 kB
../../out/renderer/assets/clike-xqXYL6ge.js                 35.08 kB
../../out/renderer/assets/index-fJuJZQPK.js                 35.48 kB
../../out/renderer/assets/DictView-DdCEtqOH.js              36.03 kB
../../out/renderer/assets/javascript-C_OHM9hj.js            37.13 kB
../../out/renderer/assets/stylus-BkS-boTH.js                38.26 kB
../../out/renderer/assets/css-c-jst79C.js                   40.35 kB
../../out/renderer/assets/index-C4QxCU3Q.js                 42.21 kB
../../out/renderer/assets/sql-BSrOzCRI.js                   42.67 kB
../../out/renderer/assets/index-BKlnE-_n.js                 43.89 kB
../../out/renderer/assets/index-DfV8Yhkh.js                 43.93 kB
../../out/renderer/assets/index-Bj1D1lsQ.js                 54.94 kB
../../out/renderer/assets/index-yF93nFlA.js                 55.83 kB
../../out/renderer/assets/index-BIGsjp3O.js                 73.54 kB
../../out/renderer/assets/index-BUzxX42L.js                 86.49 kB
../../out/renderer/assets/index-MvdnTUFm.js                 97.45 kB
../../out/renderer/assets/index-D-P3NWfJ.js                102.86 kB
../../out/renderer/assets/index-C9ClAHTE.js                106.82 kB
../../out/renderer/assets/index-C4udKwyM.js                228.28 kB
../../out/renderer/assets/dictionary-bundle-ZdkIBe8W.js  1,489.45 kB
../../out/renderer/assets/index-By0jk5hl.js              4,264.60 kB
✓ built in 3.31s
