(node:47907) [MODULE_TYPELESS_PACKAGE_JSON] Warning: Module type of file:///Users/biily/Biily/Projects/vibe%20coding/terminal/.worktrees/plugin-update-release/src/shared/pluginUpdate.test.ts is not specified and it doesn't parse as CommonJS.
Reparsing as ES module because module syntax was detected. This incurs a performance overhead.
To eliminate this warning, add "type": "module" to /Users/biily/Biily/Projects/vibe coding/terminal/.worktrees/plugin-update-release/package.json.
(Use `node --trace-warnings ...` to show where the warning was created)
✔ updates compare numeric versions and exclude builtins, other ecosystems and unknown versions (0.387125ms)
✖ explicit migration is separate from version comparison and never crosses ecosystems or downgrades (0.147875ms)
ℹ tests 2
ℹ suites 0
ℹ pass 1
ℹ fail 1
ℹ cancelled 0
ℹ skipped 0
ℹ todo 0
ℹ duration_ms 61.689583

✖ failing tests:

test at src/shared/pluginUpdate.test.ts:12:1
✖ explicit migration is separate from version comparison and never crosses ecosystems or downgrades (0.147875ms)
  TypeError: pluginUpdateAction is not a function
      at TestContext.<anonymous> (file:///Users/biily/Biily/Projects/vibe%20coding/terminal/.worktrees/plugin-update-release/src/shared/pluginUpdate.test.ts:14:15)
      at process.processTicksAndRejections (node:internal/process/task_queues:104:5)
      at async Test.run (node:internal/test_runner/test:1389:7)
      at async Test.processPendingSubtests (node:internal/test_runner/test:960:7)
