(node:50510) [MODULE_TYPELESS_PACKAGE_JSON] Warning: Module type of file:///Users/biily/Biily/Projects/vibe%20coding/terminal/.worktrees/plugin-update-release/src/main/pluginCopies.test.ts is not specified and it doesn't parse as CommonJS.
Reparsing as ES module because module syntax was detected. This incurs a performance overhead.
To eliminate this warning, add "type": "module" to /Users/biily/Biily/Projects/vibe coding/terminal/.worktrees/plugin-update-release/package.json.
(Use `node --trace-warnings ...` to show where the warning was created)
✔ user copy stays selected but shadowing a bundled copy is never silent (2.23025ms)
(node:50511) [MODULE_TYPELESS_PACKAGE_JSON] Warning: Module type of file:///Users/biily/Biily/Projects/vibe%20coding/terminal/.worktrees/plugin-update-release/src/main/pluginMarketBoundary.test.ts is not specified and it doesn't parse as CommonJS.
Reparsing as ES module because module syntax was detected. This incurs a performance overhead.
To eliminate this warning, add "type": "module" to /Users/biily/Biily/Projects/vibe coding/terminal/.worktrees/plugin-update-release/package.json.
(Use `node --trace-warnings ...` to show where the warning was created)
✔ incompatible host rejects before downloading an archive or creating installation (52.854875ms)
✔ commit revalidates staged package and leaves existing install untouched (24.191958ms)
✔ legacy package still stages and installs with a one-use token (17.660209ms)
✔ commit refuses a changed command after user confirmation was staged (17.256375ms)
✔ active plugin cannot be replaced or uninstalled; idle uninstall clears authorization (15.2295ms)
✔ catalog version cannot mislabel a differently versioned archive (15.198ms)
✔ actual registry IPC requests default v2 endpoint (13.298791ms)
✔ staged update compares validated installed manifest permissions (13.909833ms)
✔ unreadable old manifest is unknown, never a no-change claim (17.856833ms)
✔ event access is disclosed as an added update permission without enabling recording (14.12325ms)
(node:50512) [MODULE_TYPELESS_PACKAGE_JSON] Warning: Module type of file:///Users/biily/Biily/Projects/vibe%20coding/terminal/.worktrees/plugin-update-release/src/shared/pluginUpdate.test.ts is not specified and it doesn't parse as CommonJS.
Reparsing as ES module because module syntax was detected. This incurs a performance overhead.
To eliminate this warning, add "type": "module" to /Users/biily/Biily/Projects/vibe coding/terminal/.worktrees/plugin-update-release/package.json.
(Use `node --trace-warnings ...` to show where the warning was created)
✔ updates compare numeric versions and exclude builtins, other ecosystems and unknown versions (0.574709ms)
✔ explicit migration is separate from version comparison and never crosses ecosystems or downgrades (0.325292ms)
ℹ tests 13
ℹ suites 0
ℹ pass 13
ℹ fail 0
ℹ cancelled 0
ℹ skipped 0
ℹ todo 0
ℹ duration_ms 421.908875
