(node:50132) [MODULE_TYPELESS_PACKAGE_JSON] Warning: Module type of file:///Users/biily/Biily/Projects/vibe%20coding/terminal/.worktrees/plugin-update-release/src/main/pluginMarketBoundary.test.ts is not specified and it doesn't parse as CommonJS.
Reparsing as ES module because module syntax was detected. This incurs a performance overhead.
To eliminate this warning, add "type": "module" to /Users/biily/Biily/Projects/vibe coding/terminal/.worktrees/plugin-update-release/package.json.
(Use `node --trace-warnings ...` to show where the warning was created)
✔ incompatible host rejects before downloading an archive or creating installation (49.18375ms)
✔ commit revalidates staged package and leaves existing install untouched (20.495ms)
✔ legacy package still stages and installs with a one-use token (15.736416ms)
✔ commit refuses a changed command after user confirmation was staged (14.365583ms)
✔ active plugin cannot be replaced or uninstalled; idle uninstall clears authorization (12.972084ms)
✔ catalog version cannot mislabel a differently versioned archive (13.091ms)
✔ actual registry IPC requests default v2 endpoint (10.161875ms)
✔ staged update compares validated installed manifest permissions (13.607625ms)
✔ unreadable old manifest is unknown, never a no-change claim (14.481042ms)
✖ event access is disclosed as an added update permission without enabling recording (15.661583ms)
ℹ tests 10
ℹ suites 0
ℹ pass 9
ℹ fail 1
ℹ cancelled 0
ℹ skipped 0
ℹ todo 0
ℹ duration_ms 375.897625

✖ failing tests:

test at src/main/pluginMarketBoundary.test.ts:145:2
✖ event access is disclosed as an added update permission without enabling recording (15.661583ms)
  AssertionError [ERR_ASSERTION]: The expression evaluated to a falsy value:
  
    assert.ok(staged.permissions.includes('订阅事件：agent.turn.completed（仍需单独授权）'))
  
      at TestContext.<anonymous> (file:///Users/biily/Biily/Projects/vibe%20coding/terminal/.worktrees/plugin-update-release/src/main/pluginMarketBoundary.test.ts:151:9)
      at async Test.run (node:internal/test_runner/test:1389:7)
      at async Test.processPendingSubtests (node:internal/test_runner/test:960:7) {
    generatedMessage: true,
    code: 'ERR_ASSERTION',
    actual: false,
    expected: true,
    operator: '==',
    diff: 'simple'
  }
