(node:70345) [MODULE_TYPELESS_PACKAGE_JSON] Warning: Module type of file:///Users/biily/Biily/Projects/vibe%20coding/terminal/.worktrees/plugin-update-release/src/main/pluginMarketBoundary.test.ts is not specified and it doesn't parse as CommonJS.
Reparsing as ES module because module syntax was detected. This incurs a performance overhead.
To eliminate this warning, add "type": "module" to /Users/biily/Biily/Projects/vibe coding/terminal/.worktrees/plugin-update-release/package.json.
(Use `node --trace-warnings ...` to show where the warning was created)
✔ incompatible host rejects before downloading an archive or creating installation (46.037291ms)
✔ commit revalidates staged package and leaves existing install untouched (19.620917ms)
✔ legacy package still stages and installs with a one-use token (15.31625ms)
✔ commit refuses a changed command after user confirmation was staged (13.814542ms)
✔ active plugin cannot be replaced or uninstalled; idle uninstall clears authorization (13.122667ms)
✔ catalog version cannot mislabel a differently versioned archive (13.062083ms)
✔ actual registry IPC requests default v2 endpoint (10.465958ms)
✔ staged update compares validated installed manifest permissions (12.292917ms)
✔ unreadable old manifest is unknown, never a no-change claim (13.265417ms)
✔ event access is disclosed as an added update permission without enabling recording (12.079542ms)
(node:70346) [MODULE_TYPELESS_PACKAGE_JSON] Warning: Module type of file:///Users/biily/Biily/Projects/vibe%20coding/terminal/.worktrees/plugin-update-release/src/main/pluginReplace.test.ts is not specified and it doesn't parse as CommonJS.
Reparsing as ES module because module syntax was detected. This incurs a performance overhead.
To eliminate this warning, add "type": "module" to /Users/biily/Biily/Projects/vibe coding/terminal/.worktrees/plugin-update-release/package.json.
(Use `node --trace-warnings ...` to show where the warning was created)
✔ failed preparation preserves old installation (2.240042ms)
✔ failed promotion restores previous installation (1.806417ms)
✔ successful update promotes complete new tree and removes previous tree (1.41025ms)
ℹ tests 13
ℹ suites 0
ℹ pass 13
ℹ fail 0
ℹ cancelled 0
ℹ skipped 0
ℹ todo 0
ℹ duration_ms 356.045542
