(node:99169) [MODULE_TYPELESS_PACKAGE_JSON] Warning: Module type of file:///Users/biily/Biily/Projects/vibe%20coding/terminal/.worktrees/plugin-update-release/src/main/pluginMarketBoundary.test.ts is not specified and it doesn't parse as CommonJS.
Reparsing as ES module because module syntax was detected. This incurs a performance overhead.
To eliminate this warning, add "type": "module" to /Users/biily/Biily/Projects/vibe coding/terminal/.worktrees/plugin-update-release/package.json.
(Use `node --trace-warnings ...` to show where the warning was created)
✔ incompatible host rejects before downloading an archive or creating installation (44.615ms)
✔ commit revalidates staged package and leaves existing install untouched (21.466417ms)
✔ legacy package still stages and installs with a one-use token (15.441292ms)
✔ commit refuses a changed command after user confirmation was staged (11.467ms)
✔ active plugin cannot be replaced or uninstalled; idle uninstall clears authorization (13.891ms)
✔ catalog version cannot mislabel a differently versioned archive (12.39625ms)
✔ actual registry IPC requests default v2 endpoint (11.360167ms)
✔ staged update compares validated installed manifest permissions (13.013125ms)
✔ unreadable old manifest is unknown, never a no-change claim (12.195ms)
✔ event access is disclosed as an added update permission without enabling recording (11.84875ms)
✖ external source installation pins provenance and cannot cross-update from official source (9.493083ms)
ℹ tests 11
ℹ suites 0
ℹ pass 10
ℹ fail 1
ℹ cancelled 0
ℹ skipped 0
ℹ todo 0
ℹ duration_ms 368.341416

✖ failing tests:

test at src/main/pluginMarketBoundary.test.ts:157:1
✖ external source installation pins provenance and cannot cross-update from official source (9.493083ms)
  TypeError: handlers.get(...) is not a function
      at Object.call (file:///Users/biily/Biily/Projects/vibe%20coding/terminal/.worktrees/plugin-update-release/src/main/pluginMarketBoundary.test.ts:55:149)
      at TestContext.<anonymous> (file:///Users/biily/Biily/Projects/vibe%20coding/terminal/.worktrees/plugin-update-release/src/main/pluginMarketBoundary.test.ts:159:22)
      at Test.runInAsyncScope (node:async_hooks:226:14)
      at Test.run (node:internal/test_runner/test:1382:25)
      at Test.processPendingSubtests (node:internal/test_runner/test:960:18)
      at Test.postRun (node:internal/test_runner/test:1522:19)
      at Test.run (node:internal/test_runner/test:1447:12)
      at async Test.processPendingSubtests (node:internal/test_runner/test:960:7)
