(node:97836) [MODULE_TYPELESS_PACKAGE_JSON] Warning: Module type of file:///Users/biily/Biily/Projects/vibe%20coding/terminal/.worktrees/plugin-update-release/src/main/pluginMarketSource.test.ts is not specified and it doesn't parse as CommonJS.
Reparsing as ES module because module syntax was detected. This incurs a performance overhead.
To eliminate this warning, add "type": "module" to /Users/biily/Biily/Projects/vibe coding/terminal/.worktrees/plugin-update-release/package.json.
(Use `node --trace-warnings ...` to show where the warning was created)
✔ source identity canonicalizes HTTPS URL but keeps distinct catalogs separate (9.6855ms)
✔ updates require exactly the original source; unknown provenance never inferred (0.220083ms)
✖ source store persists only validated entries and invalidates removed source generations (0.926416ms)
ℹ tests 3
ℹ suites 0
ℹ pass 2
ℹ fail 1
ℹ cancelled 0
ℹ skipped 0
ℹ todo 0
ℹ duration_ms 70.379292

✖ failing tests:

test at src/main/pluginMarketSource.test.ts:18:1
✖ source store persists only validated entries and invalidates removed source generations (0.926416ms)
  TypeError: createMarketSourceStore is not a function
      at TestContext.<anonymous> (file:///Users/biily/Biily/Projects/vibe%20coding/terminal/.worktrees/plugin-update-release/src/main/pluginMarketSource.test.ts:22:14)
      at process.processTicksAndRejections (node:internal/process/task_queues:104:5)
      at async Test.run (node:internal/test_runner/test:1389:7)
      at async Test.processPendingSubtests (node:internal/test_runner/test:960:7)
